// Jest Snapshot v1, https://goo.gl/fbAQLP

exports[`ComponentOne component renders  1`] = `
<DocumentFragment>
  <ul
    data-testid="villagers"
  />
</DocumentFragment>
`;
